Archive member included to satisfy reference by file (symbol)

C:/Program Files/STM32CubeIDE_1.19.0/STM32CubeIDE/plugins/com.st.stm32cube.ide.mcu.externaltools.gnu-tools-for-stm32.13.3.rel1.win32_1.0.0.202411081344/tools/bin/../lib/gcc/arm-none-eabi/13.3.1/../../../../arm-none-eabi/lib/thumb/v7e-m+fp/hard\libc_nano.a(libc_a-exit.o)
                              C:/Program Files/STM32CubeIDE_1.19.0/STM32CubeIDE/plugins/com.st.stm32cube.ide.mcu.externaltools.gnu-tools-for-stm32.13.3.rel1.win32_1.0.0.202411081344/tools/bin/../lib/gcc/arm-none-eabi/13.3.1/../../../../arm-none-eabi/lib/thumb/v7e-m+fp/hard/crt0.o (exit)
C:/Program Files/STM32CubeIDE_1.19.0/STM32CubeIDE/plugins/com.st.stm32cube.ide.mcu.externaltools.gnu-tools-for-stm32.13.3.rel1.win32_1.0.0.202411081344/tools/bin/../lib/gcc/arm-none-eabi/13.3.1/../../../../arm-none-eabi/lib/thumb/v7e-m+fp/hard\libc_nano.a(libc_a-findfp.o)
                              C:/Program Files/STM32CubeIDE_1.19.0/STM32CubeIDE/plugins/com.st.stm32cube.ide.mcu.externaltools.gnu-tools-for-stm32.13.3.rel1.win32_1.0.0.202411081344/tools/bin/../lib/gcc/arm-none-eabi/13.3.1/../../../../arm-none-eabi/lib/thumb/v7e-m+fp/hard\libc_nano.a(libc_a-exit.o) (__stdio_exit_handler)
C:/Program Files/STM32CubeIDE_1.19.0/STM32CubeIDE/plugins/com.st.stm32cube.ide.mcu.externaltools.gnu-tools-for-stm32.13.3.rel1.win32_1.0.0.202411081344/tools/bin/../lib/gcc/arm-none-eabi/13.3.1/../../../../arm-none-eabi/lib/thumb/v7e-m+fp/hard\libc_nano.a(libc_a-fwalk.o)
                              C:/Program Files/STM32CubeIDE_1.19.0/STM32CubeIDE/plugins/com.st.stm32cube.ide.mcu.externaltools.gnu-tools-for-stm32.13.3.rel1.win32_1.0.0.202411081344/tools/bin/../lib/gcc/arm-none-eabi/13.3.1/../../../../arm-none-eabi/lib/thumb/v7e-m+fp/hard\libc_nano.a(libc_a-findfp.o) (_fwalk_sglue)
C:/Program Files/STM32CubeIDE_1.19.0/STM32CubeIDE/plugins/com.st.stm32cube.ide.mcu.externaltools.gnu-tools-for-stm32.13.3.rel1.win32_1.0.0.202411081344/tools/bin/../lib/gcc/arm-none-eabi/13.3.1/../../../../arm-none-eabi/lib/thumb/v7e-m+fp/hard\libc_nano.a(libc_a-stdio.o)
                              C:/Program Files/STM32CubeIDE_1.19.0/STM32CubeIDE/plugins/com.st.stm32cube.ide.mcu.externaltools.gnu-tools-for-stm32.13.3.rel1.win32_1.0.0.202411081344/tools/bin/../lib/gcc/arm-none-eabi/13.3.1/../../../../arm-none-eabi/lib/thumb/v7e-m+fp/hard\libc_nano.a(libc_a-findfp.o) (__sread)
C:/Program Files/STM32CubeIDE_1.19.0/STM32CubeIDE/plugins/com.st.stm32cube.ide.mcu.externaltools.gnu-tools-for-stm32.13.3.rel1.win32_1.0.0.202411081344/tools/bin/../lib/gcc/arm-none-eabi/13.3.1/../../../../arm-none-eabi/lib/thumb/v7e-m+fp/hard\libc_nano.a(libc_a-memset.o)
                              C:/Program Files/STM32CubeIDE_1.19.0/STM32CubeIDE/plugins/com.st.stm32cube.ide.mcu.externaltools.gnu-tools-for-stm32.13.3.rel1.win32_1.0.0.202411081344/tools/bin/../lib/gcc/arm-none-eabi/13.3.1/../../../../arm-none-eabi/lib/thumb/v7e-m+fp/hard/crt0.o (memset)
C:/Program Files/STM32CubeIDE_1.19.0/STM32CubeIDE/plugins/com.st.stm32cube.ide.mcu.externaltools.gnu-tools-for-stm32.13.3.rel1.win32_1.0.0.202411081344/tools/bin/../lib/gcc/arm-none-eabi/13.3.1/../../../../arm-none-eabi/lib/thumb/v7e-m+fp/hard\libc_nano.a(libc_a-closer.o)
                              C:/Program Files/STM32CubeIDE_1.19.0/STM32CubeIDE/plugins/com.st.stm32cube.ide.mcu.externaltools.gnu-tools-for-stm32.13.3.rel1.win32_1.0.0.202411081344/tools/bin/../lib/gcc/arm-none-eabi/13.3.1/../../../../arm-none-eabi/lib/thumb/v7e-m+fp/hard\libc_nano.a(libc_a-stdio.o) (_close_r)
C:/Program Files/STM32CubeIDE_1.19.0/STM32CubeIDE/plugins/com.st.stm32cube.ide.mcu.externaltools.gnu-tools-for-stm32.13.3.rel1.win32_1.0.0.202411081344/tools/bin/../lib/gcc/arm-none-eabi/13.3.1/../../../../arm-none-eabi/lib/thumb/v7e-m+fp/hard\libc_nano.a(libc_a-reent.o)
                              C:/Program Files/STM32CubeIDE_1.19.0/STM32CubeIDE/plugins/com.st.stm32cube.ide.mcu.externaltools.gnu-tools-for-stm32.13.3.rel1.win32_1.0.0.202411081344/tools/bin/../lib/gcc/arm-none-eabi/13.3.1/../../../../arm-none-eabi/lib/thumb/v7e-m+fp/hard\libc_nano.a(libc_a-closer.o) (errno)
C:/Program Files/STM32CubeIDE_1.19.0/STM32CubeIDE/plugins/com.st.stm32cube.ide.mcu.externaltools.gnu-tools-for-stm32.13.3.rel1.win32_1.0.0.202411081344/tools/bin/../lib/gcc/arm-none-eabi/13.3.1/../../../../arm-none-eabi/lib/thumb/v7e-m+fp/hard\libc_nano.a(libc_a-impure.o)
                              C:/Program Files/STM32CubeIDE_1.19.0/STM32CubeIDE/plugins/com.st.stm32cube.ide.mcu.externaltools.gnu-tools-for-stm32.13.3.rel1.win32_1.0.0.202411081344/tools/bin/../lib/gcc/arm-none-eabi/13.3.1/../../../../arm-none-eabi/lib/thumb/v7e-m+fp/hard\libc_nano.a(libc_a-reent.o) (_impure_ptr)
C:/Program Files/STM32CubeIDE_1.19.0/STM32CubeIDE/plugins/com.st.stm32cube.ide.mcu.externaltools.gnu-tools-for-stm32.13.3.rel1.win32_1.0.0.202411081344/tools/bin/../lib/gcc/arm-none-eabi/13.3.1/../../../../arm-none-eabi/lib/thumb/v7e-m+fp/hard\libc_nano.a(libc_a-lseekr.o)
[...]
Memory Configuration

Name             Origin             Length             Attributes
CCMRAM           0x10000000         0x00002000         xrw
RAM              0x20000000         0x0000a000         xrw
FLASH            0x08000000         0x00040000         xr
*default*        0x00000000         0xffffffff

Linker script and memory map

LOAD C:/Program Files/STM32CubeIDE_1.19.0/STM32CubeIDE/plugins/com.st.stm32cube.ide.mcu.externaltools.gnu-tools-for-stm32.13.3.rel1.win32_1.0.0.202411081344/tools/bin/../lib/gcc/arm-none-eabi/13.3.1/thumb/v7e-m+fp/hard/crti.o
LOAD C:/Program Files/STM32CubeIDE_1.19.0/STM32CubeIDE/plugins/com.st.stm32cube.ide.mcu.externaltools.gnu-tools-for-stm32.13.3.rel1.win32_1.0.0.202411081344/tools/bin/../lib/gcc/arm-none-eabi/13.3.1/thumb/v7e-m+fp/hard/crtbegin.o
LOAD C:/Program Files/STM32CubeIDE_1.19.0/STM32CubeIDE/plugins/com.st.stm32cube.ide.mcu.externaltools.gnu-tools-for-stm32.13.3.rel1.win32_1.0.0.202411081344/tools/bin/../lib/gcc/arm-none-eabi/13.3.1/../../../../arm-none-eabi/lib/thumb/v7e-m+fp/hard/crt0.o
LOAD ./Core/Src/main.o
LOAD ./Core/Src/stm32f3xx_hal_msp.o
LOAD ./Core/Src/stm32f3xx_it.o
LOAD ./Core/Src/syscalls.o
LOAD ./Core/Src/sysmem.o
LOAD ./Core/Src/system_stm32f3xx.o
LOAD ./Core/Startup/startup_stm32f303vctx.o
LOAD ./Drivers/OLED/ssd1306.o
LOAD ./Drivers/OLED/ssd1306_fonts.o
LOAD ./Drivers/STM32F3xx_HAL_Driver/Src/stm32f3xx_hal.o
LOAD ./Drivers/STM32F3xx_HAL_Driver/Src/stm32f3xx_hal_cortex.o
LOAD ./Drivers/STM32F3xx_HAL_Driver/Src/stm32f3xx_hal_dma.o
LOAD ./Drivers/STM32F3xx_HAL_Driver/Src/stm32f3xx_hal_exti.o
LOAD ./Drivers/STM32F3xx_HAL_Driver/Src/stm32f3xx_hal_flash.o
LOAD ./Drivers/STM32F3xx_HAL_Driver/Src/stm32f3xx_hal_flash_ex.o
LOAD ./Drivers/STM32F3xx_HAL_Driver/Src/stm32f3xx_hal_gpio.o
LOAD ./Drivers/STM32F3xx_HAL_Driver/Src/stm32f3xx_hal_i2c.o
LOAD ./Drivers/STM32F3xx_HAL_Driver/Src/stm32f3xx_hal_i2c_ex.o
LOAD ./Drivers/STM32F3xx_HAL_Driver/Src/stm32f3xx_hal_pcd.o
LOAD ./Drivers/STM32F3xx_HAL_Driver/Src/stm32f3xx_hal_pcd_ex.o
LOAD ./Drivers/STM32F3xx_HAL_Driver/Src/stm32f3xx_hal_pwr.o
LOAD ./Drivers/STM32F3xx_HAL_Driver/Src/stm32f3xx_hal_pwr_ex.o
LOAD ./Drivers/STM32F3xx_HAL_Driver/Src/stm32f3xx_hal_rcc.o
LOAD ./Drivers/STM32F3xx_HAL_Driver/Src/stm32f3xx_hal_rcc_ex.o
LOAD ./Drivers/STM32F3xx_HAL_Driver/Src/stm32f3xx_hal_spi.o
LOAD ./Drivers/STM32F3xx_HAL_Driver/Src/stm32f3xx_hal_spi_ex.o
LOAD ./Drivers/STM32F3xx_HAL_Driver/Src/stm32f3xx_hal_uart.o
LOAD ./Drivers/STM32F3xx_HAL_Driver/Src/stm32f3xx_hal_uart_ex.o
LOAD ./Drivers/STM32F3xx_HAL_Driver/Src/stm32f3xx_ll_usb.o
START GROUP
LOAD C:/Program Files/STM32CubeIDE_1.19.0/STM32CubeIDE/plugins/com.st.stm32cube.ide.mcu.externaltools.gnu-tools-for-stm32.13.3.rel1.win32_1.0.0.202411081344/tools/bin/../lib/gcc/arm-none-eabi/13.3.1/../../../../arm-none-eabi/lib/thumb/v7e-m+fp/hard\libc_nano.a
LOAD C:/Program Files/STM32CubeIDE_1.19.0/STM32CubeIDE/plugins/com.st.stm32cube.ide.mcu.externaltools.gnu-tools-for-stm32.13.3.rel1.win32_1.0.0.202411081344/tools/bin/../lib/gcc/arm-none-eabi/13.3.1/../../../../arm-none-eabi/lib/thumb/v7e-m+fp/hard\libm.a
END GROUP
START GROUP
LOAD C:/Program Files/STM32CubeIDE_1.19.0/STM32CubeIDE/plugins/com.st.stm32cube.ide.mcu.externaltools.gnu-tools-for-stm32.13.3.rel1.win32_1.0.0.202411081344/tools/bin/../lib/gcc/arm-none-eabi/13.3.1/thumb/v7e-m+fp/hard\libgcc.a
LOAD C:/Program Files/STM32CubeIDE_1.19.0/STM32CubeIDE/plugins/com.st.stm32cube.ide.mcu.externaltools.gnu-tools-for-stm32.13.3.rel1.win32_1.0.0.202411081344/tools/bin/../lib/gcc/arm-none-eabi/13.3.1/../../../../arm-none-eabi/lib/thumb/v7e-m+fp/hard\libc_nano.a
END GROUP
START GROUP
LOAD C:/Program Files/STM32CubeIDE_1.19.0/STM32CubeIDE/plugins/com.st.stm32cube.ide.mcu.externaltools.gnu-tools-for-stm32.13.3.rel1.win32_1.0.0.202411081344/tools/bin/../lib/gcc/arm-none-eabi/13.3.1/thumb/v7e-m+fp/hard\libgcc.a
LOAD C:/Program Files/STM32CubeIDE_1.19.0/STM32CubeIDE/plugins/com.st.stm32cube.ide.mcu.externaltools.gnu-tools-for-stm32.13.3.rel1.win32_1.0.0.202411081344/tools/bin/../lib/gcc/arm-none-eabi/13.3.1/../../../../arm-none-eabi/lib/thumb/v7e-m+fp/hard\libc_nano.a
LOAD C:/Program Files/STM32CubeIDE_1.19.0/STM32CubeIDE/plugins/com.st.stm32cube.ide.mcu.externaltools.gnu-tools-for-stm32.13.3.rel1.win32_1.0.0.202411081344/tools/bin/../lib/gcc/arm-none-eabi/13.3.1/../../../../arm-none-eabi/lib/thumb/v7e-m+fp/hard\libnosys.a
END GROUP
START GROUP
LOAD C:/Program Files/STM32CubeIDE_1.19.0/STM32CubeIDE/plugins/com.st.stm32cube.ide.mcu.externaltools.gnu-tools-for-stm32.13.3.rel1.win32_1.0.0.202411081344/tools/bin/../lib/gcc/arm-none-eabi/13.3.1/thumb/v7e-m+fp/hard\libgcc.a
LOAD C:/Program Files/STM32CubeIDE_1.19.0/STM32CubeIDE/plugins/com.st.stm32cube.ide.mcu.externaltools.gnu-tools-for-stm32.13.3.rel1.win32_1.0.0.202411081344/tools/bin/../lib/gcc/arm-none-eabi/13.3.1/../../../../arm-none-eabi/lib/thumb/v7e-m+fp/hard\libc_nano.a
LOAD C:/Program Files/STM32CubeIDE_1.19.0/STM32CubeIDE/plugins/com.st.stm32cube.ide.mcu.externaltools.gnu-tools-for-stm32.13.3.rel1.win32_1.0.0.202411081344/tools/bin/../lib/gcc/arm-none-eabi/13.3.1/../../../../arm-none-eabi/lib/thumb/v7e-m+fp/hard\libnosys.a
END GROUP
LOAD C:/Program Files/STM32CubeIDE_1.19.0/STM32CubeIDE/plugins/com.st.stm32cube.ide.mcu.externaltools.gnu-tools-for-stm32.13.3.rel1.win32_1.0.0.202411081344/tools/bin/../lib/gcc/arm-none-eabi/13.3.1/thumb/v7e-m+fp/hard/crtend.o
LOAD C:/Program Files/STM32CubeIDE_1.19.0/STM32CubeIDE/plugins/com.st.stm32cube.ide.mcu.externaltools.gnu-tools-for-stm32.13.3.rel1.win32_1.0.0.202411081344/tools/bin/../lib/gcc/arm-none-eabi/13.3.1/thumb/v7e-m+fp/hard/crtn.o
                0x2000a000                        _estack = (ORIGIN (RAM) + LENGTH (RAM))
                0x00000200                        _Min_Heap_Size = 0x200
                0x00000400                        _Min_Stack_Size = 0x400

.isr_vector     0x08000000      0x188
                0x08000000                        . = ALIGN (0x4)
 *(.isr_vector)
 .isr_vector    0x08000000      0x188 ./Core/Startup/startup_stm32f303vctx.o
                0x08000000                g_pfnVectors
                0x08000188                        . = ALIGN (0x4)

.text           0x08000188     0x4ea4
                0x08000188                        . = ALIGN (0x4)
 *(.text)
 .text          0x08000188       0x40 C:/Program Files/STM32CubeIDE_1.19.0/STM32CubeIDE/plugins/com.st.stm32cube.ide.mcu.externaltools.gnu-tools-for-stm32.13.3.rel1.win32_1.0.0.202411081344/tools/bin/../lib/gcc/arm-none-eabi/13.3.1/thumb/v7e-m+fp/hard/crtbegin.o
 *(.text*)
 .text.HAL_UART_RxCpltCallback
                0x080001c8       0x58 ./Core/Src/main.o
                0x080001c8                HAL_UART_RxCpltCallback
 .text.Calculate_Level
                0x08000220       0x94 ./Core/Src/main.o
                0x08000220                Calculate_Level
 .text.Show_On_Display
                0x080002b4       0x80 ./Core/Src/main.o
                0x080002b4                Show_On_Display
 .text.HAL_UART_TxCpltCallback
                0x08000334       0x14 ./Core/Src/main.o
                0x08000334                HAL_UART_TxCpltCallback
 .text.main     0x08000348       0x50 ./Core/Src/main.o
                0x08000348                main
 .text.SystemClock_Config
                0x08000398       0xc0 ./Core/Src/main.o
                0x08000398                SystemClock_Config
 .text.MX_I2C1_Init
                0x08000458       0x80 ./Core/Src/main.o
 .text.MX_SPI1_Init
                0x080004d8       0x7c ./Core/Src/main.o
 .text.MX_UART5_Init
                0x08000554       0x60 ./Core/Src/main.o
 .text.MX_USB_PCD_Init
                0x080005b4       0x44 ./Core/Src/main.o
 .text.MX_GPIO_Init
                0x080005f8      0x114 ./Core/Src/main.o
 .text.Error_Handler
                0x0800070c        0xc ./Core/Src/main.o
                0x0800070c                Error_Handler
 .text.HAL_MspInit
                0x08000718       0x48 ./Core/Src/stm32f3xx_hal_msp.o
                0x08000718                HAL_MspInit
 .text.HAL_I2C_MspInit
                0x08000760       0x88 ./Core/Src/stm32f3xx_hal_msp.o
                0x08000760                HAL_I2C_MspInit
 .text.HAL_SPI_MspInit
                0x080007e8       0x84 ./Core/Src/stm32f3xx_hal_msp.o
                0x080007e8                HAL_SPI_MspInit
 .text.HAL_UART_MspInit
                0x0800086c       0xd4 ./Core/Src/stm32f3xx_hal_msp.o
                0x0800086c                HAL_UART_MspInit
 .text.HAL_PCD_MspInit
                0x08000940       0x88 ./Core/Src/stm32f3xx_hal_msp.o
                0x08000940                HAL_PCD_MspInit
 .text.NMI_Handler
                0x080009c8        0x8 ./Core/Src/stm32f3xx_it.o
                0x080009c8                NMI_Handler
 .text.HardFault_Handler
                0x080009d0        0x8 ./Core/Src/stm32f3xx_it.o
                0x080009d0                HardFault_Handler
 .text.MemManage_Handler
                0x080009d8        0x8 ./Core/Src/stm32f3xx_it.o
                0x080009d8                MemManage_Handler
 .text.BusFault_Handler
                0x080009e0        0x8 ./Core/Src/stm32f3xx_it.o
                0x080009e0                BusFault_Handler
 .text.UsageFault_Handler
                0x080009e8        0x8 ./Core/Src/stm32f3xx_it.o
                0x080009e8                UsageFault_Handler
 .text.SVC_Handler
                0x080009f0        0xe ./Core/Src/stm32f3xx_it.o
                0x080009f0                SVC_Handler
 .text.DebugMon_Handler
                0x080009fe        0xe ./Core/Src/stm32f3xx_it.o
                0x080009fe                DebugMon_Handler
 .text.PendSV_Handler
                0x08000a0c        0xe ./Core/Src/stm32f3xx_it.o
                0x08000a0c                PendSV_Handler
 .text.SysTick_Handler
                0x08000a1a        0xc ./Core/Src/stm32f3xx_it.o
                0x08000a1a                SysTick_Handler
 *fill*         0x08000a26        0x2 
 .text.UART5_IRQHandler
                0x08000a28       0x14 ./Core/Src/stm32f3xx_it.o
                0x08000a28                UART5_IRQHandler
 .text.SystemInit
                0x08000a3c       0x24 ./Core/Src/system_stm32f3xx.o
                0x08000a3c                SystemInit
 .text.Reset_Handler
                0x08000a60       0x50 ./Core/Startup/startup_stm32f303vctx.o
                0x08000a60                Reset_Handler
 .text.Default_Handler
                0x08000ab0        0x2 ./Core/Startup/startup_stm32f303vctx.o
                0x08000ab0                RTC_Alarm_IRQHandler
                0x08000ab0                TIM8_TRG_COM_IRQHandler
                0x08000ab0                TIM8_CC_IRQHandler
                0x08000ab0                TIM1_CC_IRQHandler
                0x08000ab0                USB_HP_IRQHandler
                0x08000ab0                PVD_IRQHandler
                0x08000ab0                TAMP_STAMP_IRQHandler
                0x08000ab0                EXTI3_IRQHandler
                0x08000ab0                USB_HP_CAN_TX_IRQHandler
                0x08000ab0                EXTI0_IRQHandler
                0x08000ab0                I2C2_EV_IRQHandler
                0x08000ab0                FPU_IRQHandler
                0x08000ab0                TIM1_UP_TIM16_IRQHandler
                0x08000ab0                ADC1_2_IRQHandler
                0x08000ab0                SPI1_IRQHandler
                0x08000ab0                CAN_SCE_IRQHandler
                0x08000ab0                TIM6_DAC_IRQHandler
                0x08000ab0                TIM8_UP_IRQHandler
                0x08000ab0                DMA2_Channel2_IRQHandler
                0x08000ab0                DMA1_Channel4_IRQHandler
                0x08000ab0                USART3_IRQHandler
                0x08000ab0                DMA1_Channel7_IRQHandler
                0x08000ab0                ADC3_IRQHandler
                0x08000ab0                TIM4_IRQHandler
                0x08000ab0                CAN_RX1_IRQHandler
                0x08000ab0                DMA2_Channel1_IRQHandler
                0x08000ab0                I2C1_EV_IRQHandler
                0x08000ab0                DMA1_Channel6_IRQHandler
                0x08000ab0                UART4_IRQHandler
                0x08000ab0                DMA2_Channel4_IRQHandler
                0x08000ab0                TIM3_IRQHandler
                0x08000ab0                RCC_IRQHandler
                0x08000ab0                DMA1_Channel1_IRQHandler
                0x08000ab0                Default_Handler
                0x08000ab0                USBWakeUp_RMP_IRQHandler
                0x08000ab0                EXTI15_10_IRQHandler
                0x08000ab0                TIM7_IRQHandler
                0x08000ab0                EXTI9_5_IRQHandler
                0x08000ab0                RTC_WKUP_IRQHandler
                0x08000ab0                SPI2_IRQHandler
                0x08000ab0                USB_LP_CAN_RX0_IRQHandler
                0x08000ab0                DMA2_Channel5_IRQHandler
                0x08000ab0                DMA1_Channel5_IRQHandler
                0x08000ab0                USB_LP_IRQHandler
                0x08000ab0                EXTI4_IRQHandler
                0x08000ab0                TIM1_TRG_COM_TIM17_IRQHandler
                0x08000ab0                DMA1_Channel3_IRQHandler
                0x08000ab0                ADC4_IRQHandler
                0x08000ab0                WWDG_IRQHandler
                0x08000ab0                TIM2_IRQHandler
                0x08000ab0                COMP7_IRQHandler
                0x08000ab0                COMP1_2_3_IRQHandler
                0x08000ab0                EXTI1_IRQHandler
                0x08000ab0                USART2_IRQHandler
                0x08000ab0                COMP4_5_6_IRQHandler
                0x08000ab0                I2C2_ER_IRQHandler
                0x08000ab0                DMA1_Channel2_IRQHandler
                0x08000ab0                TIM8_BRK_IRQHandler
                0x08000ab0                FLASH_IRQHandler
                0x08000ab0                USART1_IRQHandler
                0x08000ab0                SPI3_IRQHandler
                0x08000ab0                I2C1_ER_IRQHandler
                0x08000ab0                USBWakeUp_IRQHandler
                0x08000ab0                DMA2_Channel3_IRQHandler
                0x08000ab0                EXTI2_TSC_IRQHandler
                0x08000ab0                TIM1_BRK_TIM15_IRQHandler
 .text.ssd1306_Reset
                0x08000ab2        0xe ./Drivers/OLED/ssd1306.o
                0x08000ab2                ssd1306_Reset
 .text.ssd1306_WriteCommand
                0x08000ac0       0x30 ./Drivers/OLED/ssd1306.o
                0x08000ac0                ssd1306_WriteCommand
 .text.ssd1306_WriteData
                0x08000af0       0x34 ./Drivers/OLED/ssd1306.o
                0x08000af0                ssd1306_WriteData
 .text.ssd1306_Init
                0x08000b24       0xd4 ./Drivers/OLED/ssd1306.o
                0x08000b24                ssd1306_Init
 .text.ssd1306_Fill
                0x08000bf8       0x30 ./Drivers/OLED/ssd1306.o
                0x08000bf8                ssd1306_Fill
 .text.ssd1306_UpdateScreen
                0x08000c28       0x50 ./Drivers/OLED/ssd1306.o
                0x08000c28                ssd1306_UpdateScreen
 .text.ssd1306_DrawPixel
                0x08000c78       0xa8 ./Drivers/OLED/ssd1306.o
                0x08000c78                ssd1306_DrawPixel
 .text.ssd1306_WriteChar
                0x08000d20      0x124 ./Drivers/OLED/ssd1306.o
                0x08000d20                ssd1306_WriteChar
 .text.ssd1306_WriteString
                0x08000e44       0x4c ./Drivers/OLED/ssd1306.o
                0x08000e44                ssd1306_WriteString
 .text.ssd1306_SetCursor
                0x08000e90       0x30 ./Drivers/OLED/ssd1306.o
                0x08000e90                ssd1306_SetCursor
 .text.ssd1306_FillRectangle
                0x08000ec0       0x9c ./Drivers/OLED/ssd1306.o
                0x08000ec0                ssd1306_FillRectangle
 .text.ssd1306_SetContrast
                0x08000f5c       0x26 ./Drivers/OLED/ssd1306.o
                0x08000f5c                ssd1306_SetContrast
 *fill*         0x08000f82        0x2 
 .text.ssd1306_SetDisplayOn
                0x08000f84       0x3c ./Drivers/OLED/ssd1306.o
                0x08000f84                ssd1306_SetDisplayOn
 .text.HAL_Init
                0x08000fc0       0x2c ./Drivers/STM32F3xx_HAL_Driver/Src/stm32f3xx_hal.o
                0x08000fc0                HAL_Init
 .text.HAL_InitTick
                0x08000fec       0x60 ./Drivers/STM32F3xx_HAL_Driver/Src/stm32f3xx_hal.o
                0x08000fec                HAL_InitTick
 .text.HAL_IncTick
                0x0800104c       0x28 ./Drivers/STM32F3xx_HAL_Driver/Src/stm32f3xx_hal.o
                0x0800104c                HAL_IncTick
 .text.HAL_GetTick
                0x08001074       0x18 ./Drivers/STM32F3xx_HAL_Driver/Src/stm32f3xx_hal.o
                0x08001074                HAL_GetTick
 .text.HAL_Delay
                0x0800108c       0x48 ./Drivers/STM32F3xx_HAL_Driver/Src/stm32f3xx_hal.o
                0x0800108c                HAL_Delay
 .text.__NVIC_SetPriorityGrouping
                0x080010d4       0x48 ./Drivers/STM32F3xx_HAL_Driver/Src/stm32f3xx_hal_cortex.o
 .text.__NVIC_GetPriorityGrouping
                0x0800111c       0x1c ./Drivers/STM32F3xx_HAL_Driver/Src/stm32f3xx_hal_cortex.o
 .text.__NVIC_EnableIRQ
                0x08001138       0x3c ./Drivers/STM32F3xx_HAL_Driver/Src/stm32f3xx_hal_cortex.o
 .text.__NVIC_SetPriority
                0x08001174       0x54 ./Drivers/STM32F3xx_HAL_Driver/Src/stm32f3xx_hal_cortex.o
 .text.NVIC_EncodePriority
                0x080011c8       0x66 ./Drivers/STM32F3xx_HAL_Driver/Src/stm32f3xx_hal_cortex.o
 *fill*         0x0800122e        0x2 
 .text.SysTick_Config
                0x08001230       0x44 ./Drivers/STM32F3xx_HAL_Driver/Src/stm32f3xx_hal_cortex.o
 .text.HAL_NVIC_SetPriorityGrouping
                0x08001274       0x16 ./Drivers/STM32F3xx_HAL_Driver/Src/stm32f3xx_hal_cortex.o
                0x08001274                HAL_NVIC_SetPriorityGrouping
 .text.HAL_NVIC_SetPriority
                0x0800128a       0x38 ./Drivers/STM32F3xx_HAL_Driver/Src/stm32f3xx_hal_cortex.o
                0x0800128a                HAL_NVIC_SetPriority
 .text.HAL_NVIC_EnableIRQ
                0x080012c2       0x1c ./Drivers/STM32F3xx_HAL_Driver/Src/stm32f3xx_hal_cortex.o
                0x080012c2                HAL_NVIC_EnableIRQ
 .text.HAL_SYSTICK_Config
                0x080012de       0x18 ./Drivers/STM32F3xx_HAL_Driver/Src/stm32f3xx_hal_cortex.o
                0x080012de                HAL_SYSTICK_Config
 .text.HAL_DMA_Abort
                0x080012f6       0x7c ./Drivers/STM32F3xx_HAL_Driver/Src/stm32f3xx_hal_dma.o
                0x080012f6                HAL_DMA_Abort
 .text.HAL_DMA_Abort_IT
                0x08001372       0x7c ./Drivers/STM32F3xx_HAL_Driver/Src/stm32f3xx_hal_dma.o
                0x08001372                HAL_DMA_Abort_IT
 *fill*         0x080013ee        0x2 
 .text.HAL_GPIO_Init
                0x080013f0      0x2f4 ./Drivers/STM32F3xx_HAL_Driver/Src/stm32f3xx_hal_gpio.o
                0x080013f0                HAL_GPIO_Init
 .text.HAL_GPIO_WritePin
                0x080016e4       0x30 ./Drivers/STM32F3xx_HAL_Driver/Src/stm32f3xx_hal_gpio.o
                0x080016e4                HAL_GPIO_WritePin
 .text.HAL_I2C_Init
                0x08001714      0x136 ./Drivers/STM32F3xx_HAL_Driver/Src/stm32f3xx_hal_i2c.o
                0x08001714                HAL_I2C_Init
 *fill*         0x0800184a        0x2 
 .text.HAL_I2C_Mem_Write
                0x0800184c      0x228 ./Drivers/STM32F3xx_HAL_Driver/Src/stm32f3xx_hal_i2c.o
                0x0800184c                HAL_I2C_Mem_Write
 .text.I2C_RequestMemoryWrite
                0x08001a74       0xa8 ./Drivers/STM32F3xx_HAL_Driver/Src/stm32f3xx_hal_i2c.o
 .text.I2C_Flush_TXDR
                0x08001b1c       0x48 ./Drivers/STM32F3xx_HAL_Driver/Src/stm32f3xx_hal_i2c.o
 .text.I2C_WaitOnFlagUntilTimeout
                0x08001b64       0xb2 ./Drivers/STM32F3xx_HAL_Driver/Src/stm32f3xx_hal_i2c.o
 .text.I2C_WaitOnTXISFlagUntilTimeout
                0x08001c16       0x8e ./Drivers/STM32F3xx_HAL_Driver/Src/stm32f3xx_hal_i2c.o
 .text.I2C_WaitOnSTOPFlagUntilTimeout
                0x08001ca4       0x86 ./Drivers/STM32F3xx_HAL_Driver/Src/stm32f3xx_hal_i2c.o
 *fill*         0x08001d2a        0x2 
 .text.I2C_IsErrorOccurred
                0x08001d2c      0x1c0 ./Drivers/STM32F3xx_HAL_Driver/Src/stm32f3xx_hal_i2c.o
 .text.I2C_TransferConfig
                0x08001eec       0x64 ./Drivers/STM32F3xx_HAL_Driver/Src/stm32f3xx_hal_i2c.o
 .text.HAL_I2CEx_ConfigAnalogFilter
                0x08001f50       0x96 ./Drivers/STM32F3xx_HAL_Driver/Src/stm32f3xx_hal_i2c_ex.o
                0x08001f50                HAL_I2CEx_ConfigAnalogFilter
 .text.HAL_I2CEx_ConfigDigitalFilter
                0x08001fe6       0x98 ./Drivers/STM32F3xx_HAL_Driver/Src/stm32f3xx_hal_i2c_ex.o
                0x08001fe6                HAL_I2CEx_ConfigDigitalFilter
 .text.HAL_PCD_Init
                0x0800207e      0x18e ./Drivers/STM32F3xx_HAL_Driver/Src/stm32f3xx_hal_pcd.o
                0x0800207e                HAL_PCD_Init
 .text.HAL_RCC_OscConfig
                0x0800220c     0x101c ./Drivers/STM32F3xx_HAL_Driver/Src/stm32f3xx_hal_rcc.o
                0x0800220c                HAL_RCC_OscConfig
 .text.HAL_RCC_ClockConfig
                0x08003228      0x2dc ./Drivers/STM32F3xx_HAL_Driver/Src/stm32f3xx_hal_rcc.o
                0x08003228                HAL_RCC_ClockConfig
 .text.HAL_RCC_GetSysClockFreq
                0x08003504       0xa8 ./Drivers/STM32F3xx_HAL_Driver/Src/stm32f3xx_hal_rcc.o
                0x08003504                HAL_RCC_GetSysClockFreq
 .text.HAL_RCC_GetHCLKFreq
                0x080035ac       0x18 ./Drivers/STM32F3xx_HAL_Driver/Src/stm32f3xx_hal_rcc.o
                0x080035ac                HAL_RCC_GetHCLKFreq
 .text.HAL_RCC_GetPCLK1Freq
                0x080035c4       0x44 ./Drivers/STM32F3xx_HAL_Driver/Src/stm32f3xx_hal_rcc.o
                0x080035c4                HAL_RCC_GetPCLK1Freq
 .text.HAL_RCC_GetPCLK2Freq
                0x08003608       0x44 ./Drivers/STM32F3xx_HAL_Driver/Src/stm32f3xx_hal_rcc.o
                0x08003608                HAL_RCC_GetPCLK2Freq
 .text.HAL_RCCEx_PeriphCLKConfig
                0x0800364c      0x35c ./Drivers/STM32F3xx_HAL_Driver/Src/stm32f3xx_hal_rcc_ex.o
                0x0800364c                HAL_RCCEx_PeriphCLKConfig
 .text.HAL_SPI_Init
                0x080039a8      0x156 ./Drivers/STM32F3xx_HAL_Driver/Src/stm32f3xx_hal_spi.o
                0x080039a8                HAL_SPI_Init
 .text.HAL_UART_Init
                0x08003afe       0x9c ./Drivers/STM32F3xx_HAL_Driver/Src/stm32f3xx_hal_uart.o
                0x08003afe                HAL_UART_Init
 .text.HAL_UART_Receive_IT
                0x08003b9a       0x88 ./Drivers/STM32F3xx_HAL_Driver/Src/stm32f3xx_hal_uart.o
                0x08003b9a                HAL_UART_Receive_IT
 *fill*         0x08003c22        0x2 
 .text.HAL_UART_IRQHandler
                0x08003c24      0x5cc ./Drivers/STM32F3xx_HAL_Driver/Src/stm32f3xx_hal_uart.o
                0x08003c24                HAL_UART_IRQHandler
 .text.HAL_UART_ErrorCallback
                0x080041f0       0x14 ./Drivers/STM32F3xx_HAL_Driver/Src/stm32f3xx_hal_uart.o
                0x080041f0                HAL_UART_ErrorCallback
 .text.HAL_UARTEx_RxEventCallback
                0x08004204       0x18 ./Drivers/STM32F3xx_HAL_Driver/Src/stm32f3xx_hal_uart.o
                0x08004204                HAL_UARTEx_RxEventCallback
 .text.UART_SetConfig
                0x0800421c      0x3a8 ./Drivers/STM32F3xx_HAL_Driver/Src/stm32f3xx_hal_uart.o
                0x0800421c                UART_SetConfig
 .text.UART_AdvFeatureConfig
                0x080045c4      0x144 ./Drivers/STM32F3xx_HAL_Driver/Src/stm32f3xx_hal_uart.o
                0x080045c4                UART_AdvFeatureConfig
 .text.UART_CheckIdleState
                0x08004708      0x150 ./Drivers/STM32F3xx_HAL_Driver/Src/stm32f3xx_hal_uart.o
                0x08004708                UART_CheckIdleState
 .text.UART_WaitOnFlagUntilTimeout
                0x08004858       0xda ./Drivers/STM32F3xx_HAL_Driver/Src/stm32f3xx_hal_uart.o
                0x08004858                UART_WaitOnFlagUntilTimeout
 *fill*         0x08004932        0x2 
 .text.UART_Start_Receive_IT
                0x08004934      0x168 ./Drivers/STM32F3xx_HAL_Driver/Src/stm32f3xx_hal_uart.o
                0x08004934                UART_Start_Receive_IT
 .text.UART_EndRxTransfer
                0x08004a9c       0xc8 ./Drivers/STM32F3xx_HAL_Driver/Src/stm32f3xx_hal_uart.o
 .text.UART_DMAAbortOnError
                0x08004b64       0x2c ./Drivers/STM32F3xx_HAL_Driver/Src/stm32f3xx_hal_uart.o
 .text.UART_EndTransmit_IT
                0x08004b90       0x54 ./Drivers/STM32F3xx_HAL_Driver/Src/stm32f3xx_hal_uart.o
 .text.UART_RxISR_8BIT
                0x08004be4      0x1a8 ./Drivers/STM32F3xx_HAL_Driver/Src/stm32f3xx_hal_uart.o
 .text.UART_RxISR_16BIT
                0x08004d8c      0x1a8 ./Drivers/STM32F3xx_HAL_Driver/Src/stm32f3xx_hal_uart.o
 .text.HAL_UARTEx_WakeupCallback
                0x08004f34       0x14 ./Drivers/STM32F3xx_HAL_Driver/Src/stm32f3xx_hal_uart_ex.o
                0x08004f34                HAL_UARTEx_WakeupCallback
 .text.USB_DisableGlobalInt
                0x08004f48       0x36 ./Drivers/STM32F3xx_HAL_Driver/Src/stm32f3xx_ll_usb.o
                0x08004f48                USB_DisableGlobalInt
 .text.USB_DevInit
                0x08004f7e       0x3c ./Drivers/STM32F3xx_HAL_Driver/Src/stm32f3xx_ll_usb.o
                0x08004f7e                USB_DevInit
 .text.memset   0x08004fba       0x10 C:/Program Files/STM32CubeIDE_1.19.0/STM32CubeIDE/plugins/com.st.stm32cube.ide.mcu.externaltools.gnu-tools-for-stm32.13.3.rel1.win32_1.0.0.202411081344/tools/bin/../lib/gcc/arm-none-eabi/13.3.1/../../../../arm-none-eabi/lib/thumb/v7e-m+fp/hard\libc_nano.a(libc_a-memset.o)
                0x08004fba                memset
 *fill*         0x08004fca        0x2 
 .text.__libc_init_array
                0x08004fcc       0x48 C:/Program Files/STM32CubeIDE_1.19.0/STM32CubeIDE/plugins/com.st.stm32cube.ide.mcu.externaltools.gnu-tools-for-stm32.13.3.rel1.win32_1.0.0.202411081344/tools/bin/../lib/gcc/arm-none-eabi/13.3.1/../../../../arm-none-eabi/lib/thumb/v7e-m+fp/hard\libc_nano.a(libc_a-init.o)
                0x08004fcc                __libc_init_array
 *(.glue_7)
 .glue_7        0x08005014        0x0 linker stubs
 *(.glue_7t)
 .glue_7t       0x08005014        0x0 linker stubs
 *(.eh_frame)
 .eh_frame      0x08005014        0x0 C:/Program Files/STM32CubeIDE_1.19.0/STM32CubeIDE/plugins/com.st.stm32cube.ide.mcu.externaltools.gnu-tools-for-stm32.13.3.rel1.win32_1.0.0.202411081344/tools/bin/../lib/gcc/arm-none-eabi/13.3.1/thumb/v7e-m+fp/hard/crtbegin.o
 *(.init)
 .init          0x08005014        0x4 C:/Program Files/STM32CubeIDE_1.19.0/STM32CubeIDE/plugins/com.st.stm32cube.ide.mcu.externaltools.gnu-tools-for-stm32.13.3.rel1.win32_1.0.0.202411081344/tools/bin/../lib/gcc/arm-none-eabi/13.3.1/thumb/v7e-m+fp/hard/crti.o
                0x08005014                _init
 .init          0x08005018        0x8 C:/Program Files/STM32CubeIDE_1.19.0/STM32CubeIDE/plugins/com.st.stm32cube.ide.mcu.externaltools.gnu-tools-for-stm32.13.3.rel1.win32_1.0.0.202411081344/tools/bin/../lib/gcc/arm-none-eabi/13.3.1/thumb/v7e-m+fp/hard/crtn.o
 *(.fini)
 .fini          0x08005020        0x4 C:/Program Files/STM32CubeIDE_1.19.0/STM32CubeIDE/plugins/com.st.stm32cube.ide.mcu.externaltools.gnu-tools-for-stm32.13.3.rel1.win32_1.0.0.202411081344/tools/bin/../lib/gcc/arm-none-eabi/13.3.1/thumb/v7e-m+fp/hard/crti.o
                0x08005020                _fini
 .fini          0x08005024        0x8 C:/Program Files/STM32CubeIDE_1.19.0/STM32CubeIDE/plugins/com.st.stm32cube.ide.mcu.externaltools.gnu-tools-for-stm32.13.3.rel1.win32_1.0.0.202411081344/tools/bin/../lib/gcc/arm-none-eabi/13.3.1/thumb/v7e-m+fp/hard/crtn.o
                0x0800502c                        . = ALIGN (0x4)
                0x0800502c                        _etext = .

.vfp11_veneer   0x0800502c        0x0
 .vfp11_veneer  0x0800502c        0x0 linker stubs

.v4_bx          0x0800502c        0x0
 .v4_bx         0x0800502c        0x0 linker stubs

.iplt           0x0800502c        0x0
 .iplt          0x0800502c        0x0 C:/Program Files/STM32CubeIDE_1.19.0/STM32CubeIDE/plugins/com.st.stm32cube.ide.mcu.externaltools.gnu-tools-for-stm32.13.3.rel1.win32_1.0.0.202411081344/tools/bin/../lib/gcc/arm-none-eabi/13.3.1/thumb/v7e-m+fp/hard/crtbegin.o

.rodata         0x0800502c     0x1548
                0x0800502c                        . = ALIGN (0x4)
 *(.rodata)
 .rodata        0x0800502c       0x2e ./Core/Src/main.o
 *(.rodata*)
 *fill*         0x0800505a        0x2 
 .rodata.AHBPrescTable
                0x0800505c       0x10 ./Core/Src/system_stm32f3xx.o
                0x0800505c                AHBPrescTable
 .rodata.APBPrescTable
                0x0800506c        0x8 ./Core/Src/system_stm32f3xx.o
                0x0800506c                APBPrescTable
 .rodata.Font7x10
                0x08005074      0x76c ./Drivers/OLED/ssd1306_fonts.o
 .rodata.Font11x18
                0x080057e0      0xd5c ./Drivers/OLED/ssd1306_fonts.o
 .rodata.Font_7x10
                0x0800653c        0xc ./Drivers/OLED/ssd1306_fonts.o
                0x0800653c                Font_7x10
 .rodata.Font_11x18
                0x08006548        0xc ./Drivers/OLED/ssd1306_fonts.o
                0x08006548                Font_11x18
 .rodata.aPLLMULFactorTable
                0x08006554       0x10 ./Drivers/STM32F3xx_HAL_Driver/Src/stm32f3xx_hal_rcc.o
 .rodata.aPredivFactorTable
                0x08006564       0x10 ./Drivers/STM32F3xx_HAL_Driver/Src/stm32f3xx_hal_rcc.o
                0x08006574                        . = ALIGN (0x4)

.ARM.extab      0x08006574        0x0
                0x08006574                        . = ALIGN (0x4)
 *(.ARM.extab* .gnu.linkonce.armextab.*)
                0x08006574                        . = ALIGN (0x4)

.ARM            0x08006574        0x0
                0x08006574                        . = ALIGN (0x4)
                0x08006574                        __exidx_start = .
 *(.ARM.exidx*)
                0x08006574                        __exidx_end = .
                0x08006574                        . = ALIGN (0x4)

.preinit_array  0x08006574        0x0
                0x08006574                        . = ALIGN (0x4)
                0x08006574                        PROVIDE (__preinit_array_start = .)
 *(.preinit_array*)
                0x08006574                        PROVIDE (__preinit_array_end = .)
                0x08006574                        . = ALIGN (0x4)

.init_array     0x08006574        0x4
                0x08006574                        . = ALIGN (0x4)
                0x08006574                        PROVIDE (__init_array_start = .)
 *(SORT_BY_NAME(.init_array.*))
 *(.init_array*)
 .init_array    0x08006574        0x4 C:/Program Files/STM32CubeIDE_1.19.0/STM32CubeIDE/plugins/com.st.stm32cube.ide.mcu.externaltools.gnu-tools-for-stm32.13.3.rel1.win32_1.0.0.202411081344/tools/bin/../lib/gcc/arm-none-eabi/13.3.1/thumb/v7e-m+fp/hard/crtbegin.o
                0x08006578                        PROVIDE (__init_array_end = .)
                0x08006578                        . = ALIGN (0x4)

.fini_array     0x08006578        0x4
                0x08006578                        . = ALIGN (0x4)
                [!provide]                        PROVIDE (__fini_array_start = .)
 *(SORT_BY_NAME(.fini_array.*))
 *(.fini_array*)
 .fini_array    0x08006578        0x4 C:/Program Files/STM32CubeIDE_1.19.0/STM32CubeIDE/plugins/com.st.stm32cube.ide.mcu.externaltools.gnu-tools-for-stm32.13.3.rel1.win32_1.0.0.202411081344/tools/bin/../lib/gcc/arm-none-eabi/13.3.1/thumb/v7e-m+fp/hard/crtbegin.o
                [!provide]                        PROVIDE (__fini_array_end = .)
                0x0800657c                        . = ALIGN (0x4)
                0x0800657c                        _sidata = LOADADDR (.data)

.rel.dyn        0x0800657c        0x0
 .rel.iplt      0x0800657c        0x0 C:/Program Files/STM32CubeIDE_1.19.0/STM32CubeIDE/plugins/com.st.stm32cube.ide.mcu.externaltools.gnu-tools-for-stm32.13.3.rel1.win32_1.0.0.202411081344/tools/bin/../lib/gcc/arm-none-eabi/13.3.1/thumb/v7e-m+fp/hard/crtbegin.o

.data           0x20000000       0x10 load address 0x0800657c
                0x20000000                        . = ALIGN (0x4)
                0x20000000                        _sdata = .
 *(.data)
 *(.data*)
 .data.max_value
                0x20000000        0x4 ./Core/Src/main.o
                0x20000000                max_value
 .data.SystemCoreClock
                0x20000004        0x4 ./Core/Src/system_stm32f3xx.o
                0x20000004                SystemCoreClock
 .data.uwTickPrio
                0x20000008        0x4 ./Drivers/STM32F3xx_HAL_Driver/Src/stm32f3xx_hal.o
                0x20000008                uwTickPrio
 .data.uwTickFreq
                0x2000000c        0x1 ./Drivers/STM32F3xx_HAL_Driver/Src/stm32f3xx_hal.o
                0x2000000c                uwTickFreq
 *(.RamFunc)
 *(.RamFunc*)
                0x20000010                        . = ALIGN (0x4)
 *fill*         0x2000000d        0x3 
                0x20000010                        _edata = .
                0x0800658c                        _siccmram = LOADADDR (.ccmram)

.igot.plt       0x20000010        0x0 load address 0x0800658c
 .igot.plt      0x20000010        0x0 C:/Program Files/STM32CubeIDE_1.19.0/STM32CubeIDE/plugins/com.st.stm32cube.ide.mcu.externaltools.gnu-tools-for-stm32.13.3.rel1.win32_1.0.0.202411081344/tools/bin/../lib/gcc/arm-none-eabi/13.3.1/thumb/v7e-m+fp/hard/crtbegin.o

.ccmram         0x10000000        0x0 load address 0x0800658c
                0x10000000                        . = ALIGN (0x4)
                0x10000000                        _sccmram = .
 *(.ccmram)
 *(.ccmram*)
                0x10000000                        . = ALIGN (0x4)
                0x10000000                        _eccmram = .
                0x10000000                        . = ALIGN (0x4)

.bss            0x20000010      0x85c
                0x20000010                        _sbss = .
                0x20000010                        __bss_start__ = _sbss
 *(.bss)
 .bss           0x20000010       0x1c C:/Program Files/STM32CubeIDE_1.19.0/STM32CubeIDE/plugins/com.st.stm32cube.ide.mcu.externaltools.gnu-tools-for-stm32.13.3.rel1.win32_1.0.0.202411081344/tools/bin/../lib/gcc/arm-none-eabi/13.3.1/thumb/v7e-m+fp/hard/crtbegin.o
 *(.bss*)
 .bss.hi2c1     0x2000002c       0x54 ./Core/Src/main.o
                0x2000002c                hi2c1
 .bss.hspi1     0x20000080       0x64 ./Core/Src/main.o
                0x20000080                hspi1
 .bss.huart5    0x200000e4       0x88 ./Core/Src/main.o
                0x200000e4                huart5
 .bss.hpcd_USB_FS
                0x2000016c      0x2d4 ./Core/Src/main.o
                0x2000016c                hpcd_USB_FS
 .bss.buffer_rx
                0x20000440        0x4 ./Core/Src/main.o
                0x20000440                buffer_rx
 .bss.received  0x20000444        0x4 ./Core/Src/main.o
                0x20000444                received
 .bss.stato     0x20000448       0x14 ./Core/Src/main.o
                0x20000448                stato
 .bss.rimanente
                0x2000045c        0x4 ./Core/Src/main.o
                0x2000045c                rimanente
 .bss.SSD1306_Buffer
                0x20000460      0x400 ./Drivers/OLED/ssd1306.o
 .bss.SSD1306   0x20000860        0x6 ./Drivers/OLED/ssd1306.o
 *fill*         0x20000866        0x2 
 .bss.uwTick    0x20000868        0x4 ./Drivers/STM32F3xx_HAL_Driver/Src/stm32f3xx_hal.o
                0x20000868                uwTick
 *(COMMON)
                0x2000086c                        . = ALIGN (0x4)
                0x2000086c                        _ebss = .
                0x2000086c                        __bss_end__ = _ebss

._user_heap_stack
                0x2000086c      0x604
                0x20000870                        . = ALIGN (0x8)
 *fill*         0x2000086c        0x4 
                [!provide]                        PROVIDE (end = .)
                0x20000870                        PROVIDE (_end = .)
                0x20000a70                        . = (. + _Min_Heap_Size)
 *fill*         0x20000870      0x200 
                0x20000e70                        . = (. + _Min_Stack_Size)
 *fill*         0x20000a70      0x400 
                0x20000e70                        . = ALIGN (0x8)

/DISCARD/
 libc.a(*)
 libm.a(*)
 libgcc.a(*)

.ARM.attributes
                0x00000000       0x30
 *(.ARM.attributes)
 .ARM.attributes
                0x00000000       0x22 C:/Program Files/STM32CubeIDE_1.19.0/STM32CubeIDE/plugins/com.st.stm32cube.ide.mcu.externaltools.gnu-tools-for-stm32.13.3.rel1.win32_1.0.0.202411081344/tools/bin/../lib/gcc/arm-none-eabi/13.3.1/thumb/v7e-m+fp/hard/crti.o
 .ARM.attributes
                0x00000022       0x34 C:/Program Files/STM32CubeIDE_1.19.0/STM32CubeIDE/plugins/com.st.stm32cube.ide.mcu.externaltools.gnu-tools-for-stm32.13.3.rel1.win32_1.0.0.202411081344/tools/bin/../lib/gcc/arm-none-eabi/13.3.1/thumb/v7e-m+fp/hard/crtbegin.o
 .ARM.attributes
                0x00000056       0x34 ./Core/Src/main.o
 .ARM.attributes
                0x0000008a       0x34 ./Core/Src/stm32f3xx_hal_msp.o
 .ARM.attributes
                0x000000be       0x34 ./Core/Src/stm32f3xx_it.o
 .ARM.attributes
                0x000000f2       0x34 ./Core/Src/system_stm32f3xx.o
 .ARM.attributes
                0x00000126       0x21 ./Core/Startup/startup_stm32f303vctx.o
 .ARM.attributes
                0x00000147       0x34 ./Drivers/OLED/ssd1306.o
 .ARM.attributes
                0x0000017b       0x34 ./Drivers/OLED/ssd1306_fonts.o
 .ARM.attributes
                0x000001af       0x34 ./Drivers/STM32F3xx_HAL_Driver/Src/stm32f3xx_hal.o
 .ARM.attributes
                0x000001e3       0x34 ./Drivers/STM32F3xx_HAL_Driver/Src/stm32f3xx_hal_cortex.o
 .ARM.attributes
                0x00000217       0x34 ./Drivers/STM32F3xx_HAL_Driver/Src/stm32f3xx_hal_dma.o
 .ARM.attributes
                0x0000024b       0x34 ./Drivers/STM32F3xx_HAL_Driver/Src/stm32f3xx_hal_gpio.o
 .ARM.attributes
                0x0000027f       0x34 ./Drivers/STM32F3xx_HAL_Driver/Src/stm32f3xx_hal_i2c.o
 .ARM.attributes
                0x000002b3       0x34 ./Drivers/STM32F3xx_HAL_Driver/Src/stm32f3xx_hal_i2c_ex.o
 .ARM.attributes
                0x000002e7       0x34 ./Drivers/STM32F3xx_HAL_Driver/Src/stm32f3xx_hal_pcd.o
 .ARM.attributes
                0x0000031b       0x34 ./Drivers/STM32F3xx_HAL_Driver/Src/stm32f3xx_hal_rcc.o
 .ARM.attributes
                0x0000034f       0x34 ./Drivers/STM32F3xx_HAL_Driver/Src/stm32f3xx_hal_rcc_ex.o
 .ARM.attributes
                0x00000383       0x34 ./Drivers/STM32F3xx_HAL_Driver/Src/stm32f3xx_hal_spi.o
 .ARM.attributes
                0x000003b7       0x34 ./Drivers/STM32F3xx_HAL_Driver/Src/stm32f3xx_hal_uart.o
 .ARM.attributes
                0x000003eb       0x34 ./Drivers/STM32F3xx_HAL_Driver/Src/stm32f3xx_hal_uart_ex.o
 .ARM.attributes
                0x0000041f       0x34 ./Drivers/STM32F3xx_HAL_Driver/Src/stm32f3xx_ll_usb.o
 .ARM.attributes
                0x00000453       0x34 C:/Program Files/STM32CubeIDE_1.19.0/STM32CubeIDE/plugins/com.st.stm32cube.ide.mcu.externaltools.gnu-tools-for-stm32.13.3.rel1.win32_1.0.0.202411081344/tools/bin/../lib/gcc/arm-none-eabi/13.3.1/../../../../arm-none-eabi/lib/thumb/v7e-m+fp/hard\libc_nano.a(libc_a-memset.o)
 .ARM.attributes
                0x00000487       0x34 C:/Program Files/STM32CubeIDE_1.19.0/STM32CubeIDE/plugins/com.st.stm32cube.ide.mcu.externaltools.gnu-tools-for-stm32.13.3.rel1.win32_1.0.0.202411081344/tools/bin/../lib/gcc/arm-none-eabi/13.3.1/../../../../arm-none-eabi/lib/thumb/v7e-m+fp/hard\libc_nano.a(libc_a-init.o)
 .ARM.attributes
                0x000004bb       0x22 C:/Program Files/STM32CubeIDE_1.19.0/STM32CubeIDE/plugins/com.st.stm32cube.ide.mcu.externaltools.gnu-tools-for-stm32.13.3.rel1.win32_1.0.0.202411081344/tools/bin/../lib/gcc/arm-none-eabi/13.3.1/thumb/v7e-m+fp/hard/crtn.o
OUTPUT(Nodo_RX.elf elf32-littlearm)
LOAD linker stubs
LOAD C:/Program Files/STM32CubeIDE_1.19.0/STM32CubeIDE/plugins/com.st.stm32cube.ide.mcu.externaltools.gnu-tools-for-stm32.13.3.rel1.win32_1.0.0.202411081344/tools/bin/../lib/gcc/arm-none-eabi/13.3.1/../../../../arm-none-eabi/lib/thumb/v7e-m+fp/hard\libc.a
LOAD C:/Program Files/STM32CubeIDE_1.19.0/STM32CubeIDE/plugins/com.st.stm32cube.ide.mcu.externaltools.gnu-tools-for-stm32.13.3.rel1.win32_1.0.0.202411081344/tools/bin/../lib/gcc/arm-none-eabi/13.3.1/../../../../arm-none-eabi/lib/thumb/v7e-m+fp/hard\libm.a
LOAD C:/Program Files/STM32CubeIDE_1.19.0/STM32CubeIDE/plugins/com.st.stm32cube.ide.mcu.externaltools.gnu-tools-for-stm32.13.3.rel1.win32_1.0.0.202411081344/tools/bin/../lib/gcc/arm-none-eabi/13.3.1/thumb/v7e-m+fp/hard\libgcc.a

.debug_info     0x00000000    0x13e94
 .debug_info    0x00000000     0x19e8 ./Core/Src/main.o
 .debug_info    0x000019e8     0x16b6 ./Core/Src/stm32f3xx_hal_msp.o
 .debug_info    0x0000309e      0x6ee ./Core/Src/stm32f3xx_it.o
 .debug_info    0x0000378c      0x407 ./Core/Src/system_stm32f3xx.o
 .debug_info    0x00003b93       0x30 ./Core/Startup/startup_stm32f303vctx.o
 .debug_info    0x00003bc3     0x1268 ./Drivers/OLED/ssd1306.o
 .debug_info    0x00004e2b      0x2a4 ./Drivers/OLED/ssd1306_fonts.o
 .debug_info    0x000050cf      0x7d4 ./Drivers/STM32F3xx_HAL_Driver/Src/stm32f3xx_hal.o
 .debug_info    0x000058a3      0xce4 ./Drivers/STM32F3xx_HAL_Driver/Src/stm32f3xx_hal_cortex.o
 .debug_info    0x00006587      0x6e1 ./Drivers/STM32F3xx_HAL_Driver/Src/stm32f3xx_hal_dma.o
 .debug_info    0x00006c68      0x5fe ./Drivers/STM32F3xx_HAL_Driver/Src/stm32f3xx_hal_gpio.o
 .debug_info    0x00007266     0x20c3 ./Drivers/STM32F3xx_HAL_Driver/Src/stm32f3xx_hal_i2c.o
 .debug_info    0x00009329      0x818 ./Drivers/STM32F3xx_HAL_Driver/Src/stm32f3xx_hal_i2c_ex.o
 .debug_info    0x00009b41     0x166f ./Drivers/STM32F3xx_HAL_Driver/Src/stm32f3xx_hal_pcd.o
 .debug_info    0x0000b1b0     0x148a ./Drivers/STM32F3xx_HAL_Driver/Src/stm32f3xx_hal_rcc.o
 .debug_info    0x0000c63a      0x5b9 ./Drivers/STM32F3xx_HAL_Driver/Src/stm32f3xx_hal_rcc_ex.o
 .debug_info    0x0000cbf3     0x1622 ./Drivers/STM32F3xx_HAL_Driver/Src/stm32f3xx_hal_spi.o
 .debug_info    0x0000e215     0x39a8 ./Drivers/STM32F3xx_HAL_Driver/Src/stm32f3xx_hal_uart.o
 .debug_info    0x00011bbd      0xc9c ./Drivers/STM32F3xx_HAL_Driver/Src/stm32f3xx_hal_uart_ex.o
 .debug_info    0x00012859     0x163b ./Drivers/STM32F3xx_HAL_Driver/Src/stm32f3xx_ll_usb.o

.debug_abbrev   0x00000000     0x2b90
 .debug_abbrev  0x00000000      0x32c ./Core/Src/main.o
 .debug_abbrev  0x0000032c      0x21c ./Core/Src/stm32f3xx_hal_msp.o
 .debug_abbrev  0x00000548      0x173 ./Core/Src/stm32f3xx_it.o
 .debug_abbrev  0x000006bb      0x11a ./Core/Src/system_stm32f3xx.o
 .debug_abbrev  0x000007d5       0x24 ./Core/Startup/startup_stm32f303vctx.o
 .debug_abbrev  0x000007f9      0x362 ./Drivers/OLED/ssd1306.o
 .debug_abbrev  0x00000b5b       0xcf ./Drivers/OLED/ssd1306_fonts.o
 .debug_abbrev  0x00000c2a      0x215 ./Drivers/STM32F3xx_HAL_Driver/Src/stm32f3xx_hal.o
 .debug_abbrev  0x00000e3f      0x31e ./Drivers/STM32F3xx_HAL_Driver/Src/stm32f3xx_hal_cortex.o
 .debug_abbrev  0x0000115d      0x20d ./Drivers/STM32F3xx_HAL_Driver/Src/stm32f3xx_hal_dma.o
 .debug_abbrev  0x0000136a      0x1ca ./Drivers/STM32F3xx_HAL_Driver/Src/stm32f3xx_hal_gpio.o
 .debug_abbrev  0x00001534      0x260 ./Drivers/STM32F3xx_HAL_Driver/Src/stm32f3xx_hal_i2c.o
 .debug_abbrev  0x00001794      0x1c2 ./Drivers/STM32F3xx_HAL_Driver/Src/stm32f3xx_hal_i2c_ex.o
 .debug_abbrev  0x00001956      0x2d9 ./Drivers/STM32F3xx_HAL_Driver/Src/stm32f3xx_hal_pcd.o
 .debug_abbrev  0x00001c2f      0x300 ./Drivers/STM32F3xx_HAL_Driver/Src/stm32f3xx_hal_rcc.o
 .debug_abbrev  0x00001f2f      0x221 ./Drivers/STM32F3xx_HAL_Driver/Src/stm32f3xx_hal_rcc_ex.o
 .debug_abbrev  0x00002150      0x269 ./Drivers/STM32F3xx_HAL_Driver/Src/stm32f3xx_hal_spi.o
 .debug_abbrev  0x000023b9      0x2d1 ./Drivers/STM32F3xx_HAL_Driver/Src/stm32f3xx_hal_uart.o
 .debug_abbrev  0x0000268a      0x2bf ./Drivers/STM32F3xx_HAL_Driver/Src/stm32f3xx_hal_uart_ex.o
 .debug_abbrev  0x00002949      0x247 ./Drivers/STM32F3xx_HAL_Driver/Src/stm32f3xx_ll_usb.o

.debug_aranges  0x00000000      0xf98
 .debug_aranges
                0x00000000       0x78 ./Core/Src/main.o
 .debug_aranges
                0x00000078       0x60 ./Core/Src/stm32f3xx_hal_msp.o
 .debug_aranges
                0x000000d8       0x68 ./Core/Src/stm32f3xx_it.o
 .debug_aranges
                0x00000140       0x28 ./Core/Src/system_stm32f3xx.o
 .debug_aranges
                0x00000168       0x28 ./Core/Startup/startup_stm32f303vctx.o
 .debug_aranges
                0x00000190       0xe8 ./Drivers/OLED/ssd1306.o
 .debug_aranges
                0x00000278       0x18 ./Drivers/OLED/ssd1306_fonts.o
 .debug_aranges
                0x00000290       0xe0 ./Drivers/STM32F3xx_HAL_Driver/Src/stm32f3xx_hal.o
 .debug_aranges
                0x00000370      0x128 ./Drivers/STM32F3xx_HAL_Driver/Src/stm32f3xx_hal_cortex.o
 .debug_aranges
                0x00000498       0x88 ./Drivers/STM32F3xx_HAL_Driver/Src/stm32f3xx_hal_dma.o
 .debug_aranges
                0x00000520       0x58 ./Drivers/STM32F3xx_HAL_Driver/Src/stm32f3xx_hal_gpio.o
 .debug_aranges
                0x00000578      0x2a0 ./Drivers/STM32F3xx_HAL_Driver/Src/stm32f3xx_hal_i2c.o
 .debug_aranges
                0x00000818       0x48 ./Drivers/STM32F3xx_HAL_Driver/Src/stm32f3xx_hal_i2c_ex.o
 .debug_aranges
                0x00000860      0x140 ./Drivers/STM32F3xx_HAL_Driver/Src/stm32f3xx_hal_pcd.o
 .debug_aranges
                0x000009a0       0x88 ./Drivers/STM32F3xx_HAL_Driver/Src/stm32f3xx_hal_rcc.o
 .debug_aranges
                0x00000a28       0x38 ./Drivers/STM32F3xx_HAL_Driver/Src/stm32f3xx_hal_rcc_ex.o
 .debug_aranges
                0x00000a60      0x1d8 ./Drivers/STM32F3xx_HAL_Driver/Src/stm32f3xx_hal_spi.o
 .debug_aranges
                0x00000c38      0x228 ./Drivers/STM32F3xx_HAL_Driver/Src/stm32f3xx_hal_uart.o
 .debug_aranges
                0x00000e60       0x70 ./Drivers/STM32F3xx_HAL_Driver/Src/stm32f3xx_hal_uart_ex.o
 .debug_aranges
                0x00000ed0       0xc8 ./Drivers/STM32F3xx_HAL_Driver/Src/stm32f3xx_ll_usb.o

.debug_rnglists
                0x00000000      0xc14
 .debug_rnglists
                0x00000000       0x5a ./Core/Src/main.o
 .debug_rnglists
                0x0000005a       0x47 ./Core/Src/stm32f3xx_hal_msp.o
 .debug_rnglists
                0x000000a1       0x49 ./Core/Src/stm32f3xx_it.o
 .debug_rnglists
                0x000000ea       0x1a ./Core/Src/system_stm32f3xx.o
 .debug_rnglists
                0x00000104       0x19 ./Core/Startup/startup_stm32f303vctx.o
 .debug_rnglists
                0x0000011d       0xb4 ./Drivers/OLED/ssd1306.o
 .debug_rnglists
                0x000001d1       0xa3 ./Drivers/STM32F3xx_HAL_Driver/Src/stm32f3xx_hal.o
 .debug_rnglists
                0x00000274       0xda ./Drivers/STM32F3xx_HAL_Driver/Src/stm32f3xx_hal_cortex.o
 .debug_rnglists
                0x0000034e       0x69 ./Drivers/STM32F3xx_HAL_Driver/Src/stm32f3xx_hal_dma.o
 .debug_rnglists
                0x000003b7       0x3f ./Drivers/STM32F3xx_HAL_Driver/Src/stm32f3xx_hal_gpio.o
 .debug_rnglists
                0x000003f6      0x228 ./Drivers/STM32F3xx_HAL_Driver/Src/stm32f3xx_hal_i2c.o
 .debug_rnglists
                0x0000061e       0x35 ./Drivers/STM32F3xx_HAL_Driver/Src/stm32f3xx_hal_i2c_ex.o
 .debug_rnglists
                0x00000653       0xf4 ./Drivers/STM32F3xx_HAL_Driver/Src/stm32f3xx_hal_pcd.o
 .debug_rnglists
                0x00000747       0x66 ./Drivers/STM32F3xx_HAL_Driver/Src/stm32f3xx_hal_rcc.o
 .debug_rnglists
                0x000007ad       0x28 ./Drivers/STM32F3xx_HAL_Driver/Src/stm32f3xx_hal_rcc_ex.o
 .debug_rnglists
                0x000007d5      0x178 ./Drivers/STM32F3xx_HAL_Driver/Src/stm32f3xx_hal_spi.o
 .debug_rnglists
                0x0000094d      0x1da ./Drivers/STM32F3xx_HAL_Driver/Src/stm32f3xx_hal_uart.o
 .debug_rnglists
                0x00000b27       0x54 ./Drivers/STM32F3xx_HAL_Driver/Src/stm32f3xx_hal_uart_ex.o
 .debug_rnglists
                0x00000b7b       0x99 ./Drivers/STM32F3xx_HAL_Driver/Src/stm32f3xx_ll_usb.o

.debug_macro    0x00000000    0x1eb6c
 .debug_macro   0x00000000      0x33b ./Core/Src/main.o
 .debug_macro   0x0000033b      0xad8 ./Core/Src/main.o
 .debug_macro   0x00000e13      0x164 ./Core/Src/main.o
 .debug_macro   0x00000f77       0x2e ./Core/Src/main.o
 .debug_macro   0x00000fa5       0x28 ./Core/Src/main.o
 .debug_macro   0x00000fcd       0x22 ./Core/Src/main.o
 .debug_macro   0x00000fef       0x8e ./Core/Src/main.o
 .debug_macro   0x0000107d       0x51 ./Core/Src/main.o
 .debug_macro   0x000010ce      0x103 ./Core/Src/main.o
 .debug_macro   0x000011d1       0x6a ./Core/Src/main.o
 .debug_macro   0x0000123b      0x1df ./Core/Src/main.o
 .debug_macro   0x0000141a       0x1c ./Core/Src/main.o
 .debug_macro   0x00001436       0x22 ./Core/Src/main.o
 .debug_macro   0x00001458       0xd9 ./Core/Src/main.o
 .debug_macro   0x00001531     0x102d ./Core/Src/main.o
 .debug_macro   0x0000255e      0x11f ./Core/Src/main.o
 .debug_macro   0x0000267d    0x12a3a ./Core/Src/main.o
 .debug_macro   0x000150b7       0x6d ./Core/Src/main.o
 .debug_macro   0x00015124     0x3574 ./Core/Src/main.o
 .debug_macro   0x00018698      0x190 ./Core/Src/main.o
 .debug_macro   0x00018828       0x55 ./Core/Src/main.o
 .debug_macro   0x0001887d      0x961 ./Core/Src/main.o
 .debug_macro   0x000191de      0x5fe ./Core/Src/main.o
 .debug_macro   0x000197dc      0x1b5 ./Core/Src/main.o
 .debug_macro   0x00019991      0x1fb ./Core/Src/main.o
 .debug_macro   0x00019b8c      0x1dc ./Core/Src/main.o
 .debug_macro   0x00019d68      0x1bc ./Core/Src/main.o
 .debug_macro   0x00019f24       0x30 ./Core/Src/main.o
 .debug_macro   0x00019f54       0x3c ./Core/Src/main.o
 .debug_macro   0x00019f90      0x235 ./Core/Src/main.o
 .debug_macro   0x0001a1c5       0xc5 ./Core/Src/main.o
 .debug_macro   0x0001a28a      0x21d ./Core/Src/main.o
 .debug_macro   0x0001a4a7      0x22c ./Core/Src/main.o
 .debug_macro   0x0001a6d3       0x5b ./Core/Src/main.o
 .debug_macro   0x0001a72e       0xa5 ./Core/Src/main.o
 .debug_macro   0x0001a7d3       0x73 ./Core/Src/main.o
 .debug_macro   0x0001a846      0x242 ./Core/Src/main.o
 .debug_macro   0x0001aa88       0x81 ./Core/Src/main.o
 .debug_macro   0x0001ab09       0xd3 ./Core/Src/main.o
 .debug_macro   0x0001abdc      0x2fe ./Core/Src/main.o
 .debug_macro   0x0001aeda      0x5ba ./Core/Src/main.o
 .debug_macro   0x0001b494       0x3e ./Core/Src/main.o
 .debug_macro   0x0001b4d2      0x275 ./Core/Src/main.o
 .debug_macro   0x0001b747      0x160 ./Core/Src/main.o
 .debug_macro   0x0001b8a7       0x61 ./Core/Src/main.o
 .debug_macro   0x0001b908       0x2a ./Core/Src/main.o
 .debug_macro   0x0001b932       0x43 ./Core/Src/main.o
 .debug_macro   0x0001b975       0x34 ./Core/Src/main.o
 .debug_macro   0x0001b9a9       0x52 ./Core/Src/main.o
 .debug_macro   0x0001b9fb       0x40 ./Core/Src/main.o
 .debug_macro   0x0001ba3b      0x370 ./Core/Src/main.o
 .debug_macro   0x0001bdab       0x16 ./Core/Src/main.o
 .debug_macro   0x0001bdc1       0x4a ./Core/Src/main.o
 .debug_macro   0x0001be0b       0x34 ./Core/Src/main.o
 .debug_macro   0x0001be3f       0x10 ./Core/Src/main.o
 .debug_macro   0x0001be4f       0x58 ./Core/Src/main.o
 .debug_macro   0x0001bea7       0x8e ./Core/Src/main.o
 .debug_macro   0x0001bf35       0x1c ./Core/Src/main.o
 .debug_macro   0x0001bf51      0x185 ./Core/Src/main.o
 .debug_macro   0x0001c0d6       0x10 ./Core/Src/main.o
 .debug_macro   0x0001c0e6       0x3c ./Core/Src/main.o
 .debug_macro   0x0001c122       0x20 ./Core/Src/main.o
 .debug_macro   0x0001c142       0x1c ./Core/Src/main.o
 .debug_macro   0x0001c15e       0x10 ./Core/Src/main.o
 .debug_macro   0x0001c16e       0x1c ./Core/Src/main.o
 .debug_macro   0x0001c18a       0x16 ./Core/Src/main.o
 .debug_macro   0x0001c1a0      0x146 ./Core/Src/main.o
 .debug_macro   0x0001c2e6      0x20b ./Core/Src/stm32f3xx_hal_msp.o
 .debug_macro   0x0001c4f1      0x215 ./Core/Src/stm32f3xx_it.o
 .debug_macro   0x0001c706      0x1fc ./Core/Src/system_stm32f3xx.o
 .debug_macro   0x0001c902      0x327 ./Drivers/OLED/ssd1306.o
 .debug_macro   0x0001cc29       0x28 ./Drivers/OLED/ssd1306.o
 .debug_macro   0x0001cc51      0x19b ./Drivers/OLED/ssd1306.o
 .debug_macro   0x0001cdec       0x16 ./Drivers/OLED/ssd1306.o
 .debug_macro   0x0001ce02      0x252 ./Drivers/OLED/ssd1306_fonts.o
 .debug_macro   0x0001d054      0x220 ./Drivers/STM32F3xx_HAL_Driver/Src/stm32f3xx_hal.o
 .debug_macro   0x0001d274      0x1fc ./Drivers/STM32F3xx_HAL_Driver/Src/stm32f3xx_hal_cortex.o
 .debug_macro   0x0001d470      0x1fc ./Drivers/STM32F3xx_HAL_Driver/Src/stm32f3xx_hal_dma.o
 .debug_macro   0x0001d66c      0x203 ./Drivers/STM32F3xx_HAL_Driver/Src/stm32f3xx_hal_gpio.o
 .debug_macro   0x0001d86f      0x2c8 ./Drivers/STM32F3xx_HAL_Driver/Src/stm32f3xx_hal_i2c.o
 .debug_macro   0x0001db37      0x1fc ./Drivers/STM32F3xx_HAL_Driver/Src/stm32f3xx_hal_i2c_ex.o
 .debug_macro   0x0001dd33      0x208 ./Drivers/STM32F3xx_HAL_Driver/Src/stm32f3xx_hal_pcd.o
 .debug_macro   0x0001df3b      0x220 ./Drivers/STM32F3xx_HAL_Driver/Src/stm32f3xx_hal_rcc.o
 .debug_macro   0x0001e15b      0x1fc ./Drivers/STM32F3xx_HAL_Driver/Src/stm32f3xx_hal_rcc_ex.o
 .debug_macro   0x0001e357      0x204 ./Drivers/STM32F3xx_HAL_Driver/Src/stm32f3xx_hal_spi.o
 .debug_macro   0x0001e55b      0x219 ./Drivers/STM32F3xx_HAL_Driver/Src/stm32f3xx_hal_uart.o
 .debug_macro   0x0001e774      0x1fc ./Drivers/STM32F3xx_HAL_Driver/Src/stm32f3xx_hal_uart_ex.o
 .debug_macro   0x0001e970      0x1fc ./Drivers/STM32F3xx_HAL_Driver/Src/stm32f3xx_ll_usb.o

.debug_line     0x00000000    0x1575b
 .debug_line    0x00000000      0xd46 ./Core/Src/main.o
 .debug_line    0x00000d46      0x8ff ./Core/Src/stm32f3xx_hal_msp.o
 .debug_line    0x00001645      0x87b ./Core/Src/stm32f3xx_it.o
 .debug_line    0x00001ec0      0x82e ./Core/Src/system_stm32f3xx.o
 .debug_line    0x000026ee       0x7a ./Core/Startup/startup_stm32f303vctx.o
 .debug_line    0x00002768     0x1309 ./Drivers/OLED/ssd1306.o
 .debug_line    0x00003a71      0x9a6 ./Drivers/OLED/ssd1306_fonts.o
 .debug_line    0x00004417      0xa6a ./Drivers/STM32F3xx_HAL_Driver/Src/stm32f3xx_hal.o
 .debug_line    0x00004e81      0xd35 ./Drivers/STM32F3xx_HAL_Driver/Src/stm32f3xx_hal_cortex.o
 .debug_line    0x00005bb6      0xd58 ./Drivers/STM32F3xx_HAL_Driver/Src/stm32f3xx_hal_dma.o
 .debug_line    0x0000690e      0xbb5 ./Drivers/STM32F3xx_HAL_Driver/Src/stm32f3xx_hal_gpio.o
 .debug_line    0x000074c3     0x37bb ./Drivers/STM32F3xx_HAL_Driver/Src/stm32f3xx_hal_i2c.o
 .debug_line    0x0000ac7e      0x91a ./Drivers/STM32F3xx_HAL_Driver/Src/stm32f3xx_hal_i2c_ex.o
 .debug_line    0x0000b598     0x132a ./Drivers/STM32F3xx_HAL_Driver/Src/stm32f3xx_hal_pcd.o
 .debug_line    0x0000c8c2     0x15c9 ./Drivers/STM32F3xx_HAL_Driver/Src/stm32f3xx_hal_rcc.o
 .debug_line    0x0000de8b      0xe06 ./Drivers/STM32F3xx_HAL_Driver/Src/stm32f3xx_hal_rcc_ex.o
 .debug_line    0x0000ec91     0x213d ./Drivers/STM32F3xx_HAL_Driver/Src/stm32f3xx_hal_spi.o
 .debug_line    0x00010dce     0x2cbd ./Drivers/STM32F3xx_HAL_Driver/Src/stm32f3xx_hal_uart.o
 .debug_line    0x00013a8b      0xb85 ./Drivers/STM32F3xx_HAL_Driver/Src/stm32f3xx_hal_uart_ex.o
 .debug_line    0x00014610     0x114b ./Drivers/STM32F3xx_HAL_Driver/Src/stm32f3xx_ll_usb.o

.debug_str      0x00000000    0xb4c82
 .debug_str     0x00000000    0xb4c82 ./Core/Src/main.o
                              0xb0f74 (size before relaxing)
 .debug_str     0x000b4c82    0xad4fa ./Core/Src/stm32f3xx_hal_msp.o
 .debug_str     0x000b4c82    0xac885 ./Core/Src/stm32f3xx_it.o
 .debug_str     0x000b4c82    0xabf81 ./Core/Src/system_stm32f3xx.o
 .debug_str     0x000b4c82       0x6b ./Core/Startup/startup_stm32f303vctx.o
 .debug_str     0x000b4c82    0xb04d3 ./Drivers/OLED/ssd1306.o
 .debug_str     0x000b4c82    0xac4a0 ./Drivers/OLED/ssd1306_fonts.o
 .debug_str     0x000b4c82    0xac7bf ./Drivers/STM32F3xx_HAL_Driver/Src/stm32f3xx_hal.o
 .debug_str     0x000b4c82    0xac843 ./Drivers/STM32F3xx_HAL_Driver/Src/stm32f3xx_hal_cortex.o
 .debug_str     0x000b4c82    0xac2c9 ./Drivers/STM32F3xx_HAL_Driver/Src/stm32f3xx_hal_dma.o
 .debug_str     0x000b4c82    0xac0ee ./Drivers/STM32F3xx_HAL_Driver/Src/stm32f3xx_hal_gpio.o
 .debug_str     0x000b4c82    0xad281 ./Drivers/STM32F3xx_HAL_Driver/Src/stm32f3xx_hal_i2c.o
 .debug_str     0x000b4c82    0xac478 ./Drivers/STM32F3xx_HAL_Driver/Src/stm32f3xx_hal_i2c_ex.o
 .debug_str     0x000b4c82    0xac7b6 ./Drivers/STM32F3xx_HAL_Driver/Src/stm32f3xx_hal_pcd.o
 .debug_str     0x000b4c82    0xac421 ./Drivers/STM32F3xx_HAL_Driver/Src/stm32f3xx_hal_rcc.o
 .debug_str     0x000b4c82    0xac1e5 ./Drivers/STM32F3xx_HAL_Driver/Src/stm32f3xx_hal_rcc_ex.o
 .debug_str     0x000b4c82    0xac8a7 ./Drivers/STM32F3xx_HAL_Driver/Src/stm32f3xx_hal_spi.o
 .debug_str     0x000b4c82    0xacca4 ./Drivers/STM32F3xx_HAL_Driver/Src/stm32f3xx_hal_uart.o
 .debug_str     0x000b4c82    0xac5a9 ./Drivers/STM32F3xx_HAL_Driver/Src/stm32f3xx_hal_uart_ex.o
 .debug_str     0x000b4c82    0xac30b ./Drivers/STM32F3xx_HAL_Driver/Src/stm32f3xx_ll_usb.o

.comment        0x00000000       0x43
 .comment       0x00000000       0x43 ./Core/Src/main.o
                                 0x44 (size before relaxing)
 .comment       0x00000043       0x44 ./Core/Src/stm32f3xx_hal_msp.o
 .comment       0x00000043       0x44 ./Core/Src/stm32f3xx_it.o
 .comment       0x00000043       0x44 ./Core/Src/system_stm32f3xx.o
 .comment       0x00000043       0x44 ./Drivers/OLED/ssd1306.o
 .comment       0x00000043       0x44 ./Drivers/OLED/ssd1306_fonts.o
 .comment       0x00000043       0x44 ./Drivers/STM32F3xx_HAL_Driver/Src/stm32f3xx_hal.o
 .comment       0x00000043       0x44 ./Drivers/STM32F3xx_HAL_Driver/Src/stm32f3xx_hal_cortex.o
 .comment       0x00000043       0x44 ./Drivers/STM32F3xx_HAL_Driver/Src/stm32f3xx_hal_dma.o
 .comment       0x00000043       0x44 ./Drivers/STM32F3xx_HAL_Driver/Src/stm32f3xx_hal_gpio.o
 .comment       0x00000043       0x44 ./Drivers/STM32F3xx_HAL_Driver/Src/stm32f3xx_hal_i2c.o
 .comment       0x00000043       0x44 ./Drivers/STM32F3xx_HAL_Driver/Src/stm32f3xx_hal_i2c_ex.o
 .comment       0x00000043       0x44 ./Drivers/STM32F3xx_HAL_Driver/Src/stm32f3xx_hal_pcd.o
 .comment       0x00000043       0x44 ./Drivers/STM32F3xx_HAL_Driver/Src/stm32f3xx_hal_rcc.o
 .comment       0x00000043       0x44 ./Drivers/STM32F3xx_HAL_Driver/Src/stm32f3xx_hal_rcc_ex.o
 .comment       0x00000043       0x44 ./Drivers/STM32F3xx_HAL_Driver/Src/stm32f3xx_hal_spi.o
 .comment       0x00000043       0x44 ./Drivers/STM32F3xx_HAL_Driver/Src/stm32f3xx_hal_uart.o
 .comment       0x00000043       0x44 ./Drivers/STM32F3xx_HAL_Driver/Src/stm32f3xx_hal_uart_ex.o
 .comment       0x00000043       0x44 ./Drivers/STM32F3xx_HAL_Driver/Src/stm32f3xx_ll_usb.o

.debug_frame    0x00000000     0x411c
 .debug_frame   0x00000000      0x18c ./Core/Src/main.o
 .debug_frame   0x0000018c      0x154 ./Core/Src/stm32f3xx_hal_msp.o
 .debug_frame   0x000002e0      0x120 ./Core/Src/stm32f3xx_it.o
 .debug_frame   0x00000400       0x58 ./Core/Src/system_stm32f3xx.o
 .debug_frame   0x00000458      0x3e4 ./Drivers/OLED/ssd1306.o
 .debug_frame   0x0000083c      0x334 ./Drivers/STM32F3xx_HAL_Driver/Src/stm32f3xx_hal.o
 .debug_frame   0x00000b70      0x4e8 ./Drivers/STM32F3xx_HAL_Driver/Src/stm32f3xx_hal_cortex.o
 .debug_frame   0x00001058      0x224 ./Drivers/STM32F3xx_HAL_Driver/Src/stm32f3xx_hal_dma.o
 .debug_frame   0x0000127c      0x14c ./Drivers/STM32F3xx_HAL_Driver/Src/stm32f3xx_hal_gpio.o
 .debug_frame   0x000013c8      0xc38 ./Drivers/STM32F3xx_HAL_Driver/Src/stm32f3xx_hal_i2c.o
 .debug_frame   0x00002000      0x100 ./Drivers/STM32F3xx_HAL_Driver/Src/stm32f3xx_hal_i2c_ex.o
 .debug_frame   0x00002100      0x590 ./Drivers/STM32F3xx_HAL_Driver/Src/stm32f3xx_hal_pcd.o
 .debug_frame   0x00002690      0x214 ./Drivers/STM32F3xx_HAL_Driver/Src/stm32f3xx_hal_rcc.o
 .debug_frame   0x000028a4       0xb0 ./Drivers/STM32F3xx_HAL_Driver/Src/stm32f3xx_hal_rcc_ex.o
 .debug_frame   0x00002954      0x860 ./Drivers/STM32F3xx_HAL_Driver/Src/stm32f3xx_hal_spi.o
 .debug_frame   0x000031b4      0x9e8 ./Drivers/STM32F3xx_HAL_Driver/Src/stm32f3xx_hal_uart.o
 .debug_frame   0x00003b9c      0x1b4 ./Drivers/STM32F3xx_HAL_Driver/Src/stm32f3xx_hal_uart_ex.o
 .debug_frame   0x00003d50      0x380 ./Drivers/STM32F3xx_HAL_Driver/Src/stm32f3xx_ll_usb.o
 .debug_frame   0x000040d0       0x20 C:/Program Files/STM32CubeIDE_1.19.0/STM32CubeIDE/plugins/com.st.stm32cube.ide.mcu.externaltools.gnu-tools-for-stm32.13.3.rel1.win32_1.0.0.202411081344/tools/bin/../lib/gcc/arm-none-eabi/13.3.1/../../../../arm-none-eabi/lib/thumb/v7e-m+fp/hard\libc_nano.a(libc_a-memset.o)
 .debug_frame   0x000040f0       0x2c C:/Program Files/STM32CubeIDE_1.19.0/STM32CubeIDE/plugins/com.st.stm32cube.ide.mcu.externaltools.gnu-tools-for-stm32.13.3.rel1.win32_1.0.0.202411081344/tools/bin/../lib/gcc/arm-none-eabi/13.3.1/../../../../arm-none-eabi/lib/thumb/v7e-m+fp/hard\libc_nano.a(libc_a-init.o)

.debug_line_str
                0x00000000       0x4f
 .debug_line_str
                0x00000000       0x4f ./Core/Startup/startup_stm32f303vctx.o
