../Core/Src/main.c:80:6:HAL_UART_RxCpltCallback	16	static
../Core/Src/main.c:97:6:Calculate_Level	8	static
../Core/Src/main.c:121:6:Show_On_Display	16	static
../Core/Src/main.c:141:6:HAL_UART_TxCpltCallback	16	static
../Core/Src/main.c:157:5:main	8	static
../Core/Src/main.c:215:6:SystemClock_Config	128	static
../Core/Src/main.c:265:13:MX_I2C1_Init	8	static
../Core/Src/main.c:313:13:MX_SPI1_Init	8	static
../Core/Src/main.c:353:13:MX_UART5_Init	8	static
../Core/Src/main.c:388:13:MX_USB_PCD_Init	8	static
../Core/Src/main.c:419:13:MX_GPIO_Init	56	static
../Core/Src/main.c:477:6:Error_Handler	4	static,ignoring_inline_asm
