../Core/Src/main.c:112:5:comparatore	16	static
../Core/Src/main.c:116:10:calcola_mediana	48	dynamic
../Core/Src/main.c:124:6:Set_Servo_Angle	32	static
../Core/Src/main.c:130:6:delta_variation	32	static
../Core/Src/main.c:145:6:HAL_TIM_IC_CaptureCallback	16	static
../Core/Src/main.c:204:5:main	16	static
../Core/Src/main.c:336:6:SystemClock_Config	128	static
../Core/Src/main.c:384:13:MX_TIM2_Init	64	static
../Core/Src/main.c:443:13:MX_TIM3_Init	40	static
../Core/Src/main.c:491:13:MX_TIM4_Init	40	static
../Core/Src/main.c:539:13:MX_UART5_Init	8	static
../Core/Src/main.c:574:13:MX_USB_PCD_Init	8	static
../Core/Src/main.c:605:13:MX_GPIO_Init	56	static
../Core/Src/main.c:677:6:Error_Handler	4	static,ignoring_inline_asm
